2025-10-14 17:25:21,751 - services.notification_service - WARNING - No file path in paycheck for employee Maria Edilma Ferreira de Oliveira (004)
2025-10-14 17:25:21,751 - services.notification_service - WARNING - No attachments found for employee Maria Edilma Ferreira de Oliveira (004)
2025-10-14 17:25:21,751 - services.notification_service - WARNING - No file path in paycheck for employee Luana Karízia Fernandes Duarte (046)
2025-10-14 17:25:21,751 - services.notification_service - WARNING - No attachments found for employee Luana Karízia Fernandes Duarte (046)
2025-10-14 17:25:21,752 - services.notification_service - WARNING - No file path in paycheck for employee Ivo Felipe Pereira (048)
2025-10-14 17:25:21,752 - services.notification_service - WARNING - No attachments found for employee Ivo Felipe Pereira (048)
2025-10-14 17:25:21,752 - services.notification_service - WARNING - No file path in paycheck for employee Cristiane de Paula Rebouças (069)
2025-10-14 17:25:21,752 - services.notification_service - WARNING - No attachments found for employee Cristiane de Paula Rebouças (069)
2025-10-14 17:25:21,752 - services.notification_service - WARNING - No file path in paycheck for employee Maria Geneci Marques Gurgel (073)
2025-10-14 17:25:21,752 - services.notification_service - WARNING - No attachments found for employee Maria Geneci Marques Gurgel (073)
2025-10-14 17:25:21,752 - services.notification_service - WARNING - No file path in paycheck for employee Albene da Rocha Freire (075)
2025-10-14 17:25:21,753 - services.notification_service - WARNING - No attachments found for employee Albene da Rocha Freire (075)
2025-10-14 17:25:21,753 - services.notification_service - WARNING - No file path in paycheck for employee Isabela Larissa de Araújo Fernandes (082)
2025-10-14 17:25:21,753 - services.notification_service - WARNING - No attachments found for employee Isabela Larissa de Araújo Fernandes (082)
2025-10-14 17:25:21,753 - services.notification_service - WARNING - No file path in paycheck for employee Adna Soares de Souza Medeiros (084)
2025-10-14 17:25:21,753 - services.notification_service - WARNING - No attachments found for employee Adna Soares de Souza Medeiros (084)
2025-10-14 17:25:21,753 - services.notification_service - WARNING - No file path in paycheck for employee Mara Geriguiana do Nascimento (088)
2025-10-14 17:25:21,753 - services.notification_service - WARNING - No attachments found for employee Mara Geriguiana do Nascimento (088)
2025-10-14 17:25:21,753 - services.notification_service - WARNING - No file path in paycheck for employee Maria Cristina Porto da Costa (089)
2025-10-14 17:25:21,753 - services.notification_service - WARNING - No attachments found for employee Maria Cristina Porto da Costa (089)
2025-10-14 17:25:21,753 - services.notification_service - WARNING - No file path in paycheck for employee Silvano Leite (091)
2025-10-14 17:25:21,753 - services.notification_service - WARNING - No attachments found for employee Silvano Leite (091)
2025-10-14 17:25:21,754 - services.notification_service - WARNING - No file path in paycheck for employee Neudimar Cilene de O. Albuquerque (093)
2025-10-14 17:25:21,754 - services.notification_service - WARNING - No attachments found for employee Neudimar Cilene de O. Albuquerque (093)
2025-10-14 17:25:21,754 - services.notification_service - WARNING - No file path in paycheck for employee Ana Célia Patrícia da Silva (094)
2025-10-14 17:25:21,754 - services.notification_service - WARNING - No attachments found for employee Ana Célia Patrícia da Silva (094)
2025-10-14 17:25:21,754 - services.notification_service - WARNING - No file path in paycheck for employee Jéssica Vanessa de Oliveira (101)
2025-10-14 17:25:21,755 - services.notification_service - WARNING - No attachments found for employee Jéssica Vanessa de Oliveira (101)
2025-10-14 17:25:21,755 - services.notification_service - WARNING - No file path in paycheck for employee Fabíola Layane de Melo Fernandes (117)
2025-10-14 17:25:21,755 - services.notification_service - WARNING - No attachments found for employee Fabíola Layane de Melo Fernandes (117)
2025-10-14 17:25:21,755 - services.notification_service - WARNING - No file path in paycheck for employee Eliane de Oliveira Costa (126)
2025-10-14 17:25:21,755 - services.notification_service - WARNING - No attachments found for employee Eliane de Oliveira Costa (126)
2025-10-14 17:25:21,755 - services.notification_service - WARNING - No file path in paycheck for employee GERSSICA GABRIELE FERREIRA PEREIRA (136)
2025-10-14 17:25:21,755 - services.notification_service - WARNING - No attachments found for employee GERSSICA GABRIELE FERREIRA PEREIRA (136)
2025-10-14 17:25:21,755 - services.notification_service - WARNING - No file path in paycheck for employee ADJANE FELIPE DE OLIVEIRA (141)
2025-10-14 17:25:21,755 - services.notification_service - WARNING - No attachments found for employee ADJANE FELIPE DE OLIVEIRA (141)
2025-10-14 17:25:21,756 - services.notification_service - WARNING - No file path in paycheck for employee REGINA SHEYLA PAULINO DE ARAUJO (143)
2025-10-14 17:25:21,756 - services.notification_service - WARNING - No attachments found for employee REGINA SHEYLA PAULINO DE ARAUJO (143)
2025-10-14 17:25:21,756 - services.notification_service - WARNING - No file path in paycheck for employee MARIA MADALENA PEREIRA (144)
2025-10-14 17:25:21,756 - services.notification_service - WARNING - No attachments found for employee MARIA MADALENA PEREIRA (144)
2025-10-14 17:25:21,756 - services.notification_service - WARNING - No file path in paycheck for employee CELIELTON SILVA DE OLIVEIRA (145)
2025-10-14 17:25:21,756 - services.notification_service - WARNING - No attachments found for employee CELIELTON SILVA DE OLIVEIRA (145)
2025-10-14 17:25:21,756 - services.notification_service - WARNING - No file path in paycheck for employee SOCORRO DE FATIMA DA ROCHA AZEVEDO (147)
2025-10-14 17:25:21,756 - services.notification_service - WARNING - No attachments found for employee SOCORRO DE FATIMA DA ROCHA AZEVEDO (147)
2025-10-14 17:25:21,756 - services.notification_service - WARNING - No file path in paycheck for employee MARDRINE LIVIA DA SILVA SALES (149)
2025-10-14 17:25:21,757 - services.notification_service - WARNING - No attachments found for employee MARDRINE LIVIA DA SILVA SALES (149)
2025-10-14 17:25:21,757 - services.notification_service - WARNING - No file path in paycheck for employee FABIO LEANDRO BEZERRA (155)
2025-10-14 17:25:21,757 - services.notification_service - WARNING - No attachments found for employee FABIO LEANDRO BEZERRA (155)
2025-10-14 17:25:21,757 - services.notification_service - WARNING - No file path in paycheck for employee AURELIA LIMA AMARAL (167)
2025-10-14 17:25:21,757 - services.notification_service - WARNING - No attachments found for employee AURELIA LIMA AMARAL (167)
2025-10-14 17:25:21,757 - services.notification_service - WARNING - No file path in paycheck for employee RITA DE CASSIA SOUZA (168)
2025-10-14 17:25:21,757 - services.notification_service - WARNING - No attachments found for employee RITA DE CASSIA SOUZA (168)
2025-10-14 17:25:21,758 - services.notification_service - WARNING - No file path in paycheck for employee JOSENEIDE BARBOSA DE SOUZA (169)
2025-10-14 17:25:21,758 - services.notification_service - WARNING - No attachments found for employee JOSENEIDE BARBOSA DE SOUZA (169)
2025-10-14 17:25:21,758 - services.notification_service - WARNING - No file path in paycheck for employee LUZIA POLIANA AQUINO DA SILVA (171)
2025-10-14 17:25:21,758 - services.notification_service - WARNING - No attachments found for employee LUZIA POLIANA AQUINO DA SILVA (171)
2025-10-14 17:25:21,758 - services.notification_service - WARNING - No file path in paycheck for employee INGRID CANUTO SAMPAIO DE OLIVEIRA (173)
2025-10-14 17:25:21,758 - services.notification_service - WARNING - No attachments found for employee INGRID CANUTO SAMPAIO DE OLIVEIRA (173)
2025-10-14 17:25:21,758 - services.notification_service - WARNING - No file path in paycheck for employee AUREA DANIELLY BEZERRA DA COSTA (177)
2025-10-14 17:25:21,758 - services.notification_service - WARNING - No attachments found for employee AUREA DANIELLY BEZERRA DA COSTA (177)
2025-10-14 17:25:21,758 - services.notification_service - WARNING - No file path in paycheck for employee FRANCISCA ANTONIA DANTAS VAZ SOUZA (179)
2025-10-14 17:25:21,758 - services.notification_service - WARNING - No attachments found for employee FRANCISCA ANTONIA DANTAS VAZ SOUZA (179)
2025-10-14 17:25:21,760 - services.notification_service - WARNING - No file path in paycheck for employee CLEONICE NUNES DA SILVA COELHO (182)
2025-10-14 17:25:21,760 - services.notification_service - WARNING - No attachments found for employee CLEONICE NUNES DA SILVA COELHO (182)
2025-10-14 17:25:21,761 - services.notification_service - WARNING - No file path in paycheck for employee JOAO LUCAS FERNANDES PEREIRA (188)
2025-10-14 17:25:21,761 - services.notification_service - WARNING - No attachments found for employee JOAO LUCAS FERNANDES PEREIRA (188)
2025-10-14 17:25:21,761 - services.notification_service - WARNING - No file path in paycheck for employee SHIRLEY SONALI DE LIRA (190)
2025-10-14 17:25:21,761 - services.notification_service - WARNING - No attachments found for employee SHIRLEY SONALI DE LIRA (190)
2025-10-14 17:25:21,761 - services.notification_service - WARNING - No file path in paycheck for employee ELANIA KARINA COSTA DE OLIVEIRA (191)
2025-10-14 17:25:21,761 - services.notification_service - WARNING - No attachments found for employee ELANIA KARINA COSTA DE OLIVEIRA (191)
2025-10-14 17:25:21,761 - services.notification_service - WARNING - No file path in paycheck for employee MARILYN GISELLE DOS SANTOS XAVIER (192)
2025-10-14 17:25:21,761 - services.notification_service - WARNING - No attachments found for employee MARILYN GISELLE DOS SANTOS XAVIER (192)
2025-10-14 17:25:21,762 - services.notification_service - WARNING - No file path in paycheck for employee SAMYA PAULA FEITOSA LOBO (198)
2025-10-14 17:25:21,762 - services.notification_service - WARNING - No attachments found for employee SAMYA PAULA FEITOSA LOBO (198)
2025-10-14 17:25:21,762 - services.notification_service - WARNING - No file path in paycheck for employee FRANCISCA AURILENE DANTAS DA SILVA (199)
2025-10-14 17:25:21,762 - services.notification_service - WARNING - No attachments found for employee FRANCISCA AURILENE DANTAS DA SILVA (199)
2025-10-14 17:25:21,762 - services.notification_service - WARNING - No file path in paycheck for employee JANDSON LUCAS CAMELO DA SILVA (200)
2025-10-14 17:25:21,762 - services.notification_service - WARNING - No attachments found for employee JANDSON LUCAS CAMELO DA SILVA (200)
2025-10-14 17:25:21,762 - services.notification_service - WARNING - No file path in paycheck for employee GYOVANNA JAFIA LINHARES OLIVEIRA (202)
2025-10-14 17:25:21,762 - services.notification_service - WARNING - No attachments found for employee GYOVANNA JAFIA LINHARES OLIVEIRA (202)
2025-10-14 17:25:21,762 - services.notification_service - WARNING - No file path in paycheck for employee ELIENE FERREIRA DA SILVA (206)
2025-10-14 17:25:21,762 - services.notification_service - WARNING - No attachments found for employee ELIENE FERREIRA DA SILVA (206)
2025-10-14 17:25:21,763 - services.notification_service - WARNING - No file path in paycheck for employee VIVIANY NAYARA OLIVEIRA MORAIS (207)
2025-10-14 17:25:21,763 - services.notification_service - WARNING - No attachments found for employee VIVIANY NAYARA OLIVEIRA MORAIS (207)
2025-10-14 17:25:21,763 - services.notification_service - WARNING - No file path in paycheck for employee RAQUEL PAULA DA SILVA (208)
2025-10-14 17:25:21,763 - services.notification_service - WARNING - No attachments found for employee RAQUEL PAULA DA SILVA (208)
2025-10-14 17:25:21,763 - services.notification_service - WARNING - No file path in paycheck for employee ALDENICE MIGUEL DA SILVA (209)
2025-10-14 17:25:21,763 - services.notification_service - WARNING - No attachments found for employee ALDENICE MIGUEL DA SILVA (209)
2025-10-14 17:25:21,763 - services.notification_service - WARNING - No file path in paycheck for employee TAWANY DO NASCIMENTO VIEIRA (212)
2025-10-14 17:25:21,763 - services.notification_service - WARNING - No attachments found for employee TAWANY DO NASCIMENTO VIEIRA (212)
2025-10-14 17:25:21,763 - services.notification_service - WARNING - No file path in paycheck for employee FRANCIDAULY FELICIANO DE LIMA (214)
2025-10-14 17:25:21,763 - services.notification_service - WARNING - No attachments found for employee FRANCIDAULY FELICIANO DE LIMA (214)
2025-10-14 17:25:21,764 - services.notification_service - WARNING - No file path in paycheck for employee YASMINN MARQUES FEITOSA (215)
2025-10-14 17:25:21,764 - services.notification_service - WARNING - No attachments found for employee YASMINN MARQUES FEITOSA (215)
