2025-10-14 17:29:08,761 - services.notification_service - INFO - Sending email to Maria Edilma Ferreira de Oliveira (004) at mariaedilma1920@hotmail.com
2025-10-14 17:29:08,761 - services.notification_service - INFO - Email would be sent successfully to Maria Edilma Ferreira de Oliveira (004)
2025-10-14 17:29:08,778 - services.notification_service - INFO - Sending email to Luana Karízia Fernandes Duarte (046) at luana_karizia@hotmail.com
2025-10-14 17:29:08,778 - services.notification_service - INFO - Email would be sent successfully to Luana Karízia Fernandes Duarte (046)
2025-10-14 17:29:08,795 - services.notification_service - INFO - Sending email to Ivo Felipe Pereira (048) at ivo.felipe@hotmail.com
2025-10-14 17:29:08,797 - services.notification_service - INFO - Email would be sent successfully to Ivo Felipe Pereira (048)
2025-10-14 17:29:08,805 - services.notification_service - INFO - Sending email to Cristiane de Paula Rebouças (069) at crispreboucas@gmail.com
2025-10-14 17:29:08,805 - services.notification_service - INFO - Email would be sent successfully to Cristiane de Paula Rebouças (069)
2025-10-14 17:29:08,815 - services.notification_service - INFO - Sending email to Maria Geneci Marques Gurgel (073) at genamarques.gm2015@gmail.com
2025-10-14 17:29:08,816 - services.notification_service - INFO - Email would be sent successfully to Maria Geneci Marques Gurgel (073)
2025-10-14 17:29:08,825 - services.notification_service - INFO - Sending email to Albene da Rocha Freire (075) at albenerocha@gmail.com
2025-10-14 17:29:08,826 - services.notification_service - INFO - Email would be sent successfully to Albene da Rocha Freire (075)
2025-10-14 17:29:08,841 - services.notification_service - INFO - Sending email to Isabela Larissa de Araújo Fernandes (082) at lalihnandes@hotmail.com
2025-10-14 17:29:08,843 - services.notification_service - INFO - Email would be sent successfully to Isabela Larissa de Araújo Fernandes (082)
2025-10-14 17:29:08,852 - services.notification_service - INFO - Sending email to Adna Soares de Souza Medeiros (084) at soaresadna2012@hotmail.com
2025-10-14 17:29:08,854 - services.notification_service - INFO - Email would be sent successfully to Adna Soares de Souza Medeiros (084)
2025-10-14 17:29:08,860 - services.notification_service - INFO - Sending email to Mara Geriguiana do Nascimento (088) at geriguianamara@hotmail.com
2025-10-14 17:29:08,860 - services.notification_service - INFO - Email would be sent successfully to Mara Geriguiana do Nascimento (088)
2025-10-14 17:29:08,872 - services.notification_service - INFO - Sending email to Maria Cristina Porto da Costa (089) at crystinaporto2011@hotmail.com
2025-10-14 17:29:08,874 - services.notification_service - INFO - Email would be sent successfully to Maria Cristina Porto da Costa (089)
2025-10-14 17:29:08,889 - services.notification_service - INFO - Sending email to Silvano Leite (091) at silvano.pan@hotmail.com
2025-10-14 17:29:08,891 - services.notification_service - INFO - Email would be sent successfully to Silvano Leite (091)
2025-10-14 17:29:08,901 - services.notification_service - INFO - Sending email to Neudimar Cilene de O. Albuquerque (093) at neudimarmarcilene@gmail.com
2025-10-14 17:29:08,901 - services.notification_service - INFO - Email would be sent successfully to Neudimar Cilene de O. Albuquerque (093)
2025-10-14 17:29:08,906 - services.notification_service - INFO - Sending email to Ana Célia Patrícia da Silva (094) at anaceliapatricia3@gmail.com
2025-10-14 17:29:08,914 - services.notification_service - INFO - Email would be sent successfully to Ana Célia Patrícia da Silva (094)
2025-10-14 17:29:08,923 - services.notification_service - INFO - Sending email to Jéssica Vanessa de Oliveira (101) at jessi.vanessa@outlook.com
2025-10-14 17:29:08,925 - services.notification_service - INFO - Email would be sent successfully to Jéssica Vanessa de Oliveira (101)
2025-10-14 17:29:08,936 - services.notification_service - INFO - Sending email to Fabíola Layane de Melo Fernandes (117) at fabiolayane@hotmail.com
2025-10-14 17:29:08,937 - services.notification_service - INFO - Email would be sent successfully to Fabíola Layane de Melo Fernandes (117)
2025-10-14 17:29:08,950 - services.notification_service - INFO - Sending email to Eliane de Oliveira Costa (126) at eliannecosta01@outlook.com
2025-10-14 17:29:08,952 - services.notification_service - INFO - Email would be sent successfully to Eliane de Oliveira Costa (126)
2025-10-14 17:29:08,958 - services.notification_service - INFO - Sending email to GERSSICA GABRIELE FERREIRA PEREIRA (136) at gerssica_gabi@hotmail.com
2025-10-14 17:29:08,964 - services.notification_service - INFO - Email would be sent successfully to GERSSICA GABRIELE FERREIRA PEREIRA (136)
2025-10-14 17:29:08,972 - services.notification_service - INFO - Sending email to ADJANE FELIPE DE OLIVEIRA (141) at adjanefelipedeoliveira82@gmail.com
2025-10-14 17:29:08,980 - services.notification_service - INFO - Email would be sent successfully to ADJANE FELIPE DE OLIVEIRA (141)
2025-10-14 17:29:08,985 - services.notification_service - INFO - Sending email to REGINA SHEYLA PAULINO DE ARAUJO (143) at reginasheyla@hotmail.com
2025-10-14 17:29:08,985 - services.notification_service - INFO - Email would be sent successfully to REGINA SHEYLA PAULINO DE ARAUJO (143)
2025-10-14 17:29:09,007 - services.notification_service - INFO - Sending email to MARIA MADALENA PEREIRA (144) at claudinhapereira22@hotmail.com
2025-10-14 17:29:09,007 - services.notification_service - INFO - Email would be sent successfully to MARIA MADALENA PEREIRA (144)
2025-10-14 17:29:09,019 - services.notification_service - INFO - Sending email to CELIELTON SILVA DE OLIVEIRA (145) at celi_bio@hotmail.com
2025-10-14 17:29:09,019 - services.notification_service - INFO - Email would be sent successfully to CELIELTON SILVA DE OLIVEIRA (145)
2025-10-14 17:29:09,023 - services.notification_service - INFO - Sending email to SOCORRO DE FATIMA DA ROCHA AZEVEDO (147) at sfrazevedo@gmail.com
2025-10-14 17:29:09,031 - services.notification_service - INFO - Email would be sent successfully to SOCORRO DE FATIMA DA ROCHA AZEVEDO (147)
2025-10-14 17:29:09,037 - services.notification_service - INFO - Sending email to MARDRINE LIVIA DA SILVA SALES (149) at drininha_livia@hotmail.com
2025-10-14 17:29:09,044 - services.notification_service - INFO - Email would be sent successfully to MARDRINE LIVIA DA SILVA SALES (149)
2025-10-14 17:29:09,065 - services.notification_service - INFO - Sending email to FABIO LEANDRO BEZERRA (155) at leandro_fabio2012@hotmail.com
2025-10-14 17:29:09,067 - services.notification_service - INFO - Email would be sent successfully to FABIO LEANDRO BEZERRA (155)
2025-10-14 17:29:09,085 - services.notification_service - INFO - Sending email to AURELIA LIMA AMARAL (167) at aurelialima2011@hotmail.com
2025-10-14 17:29:09,086 - services.notification_service - INFO - Email would be sent successfully to AURELIA LIMA AMARAL (167)
2025-10-14 17:29:09,094 - services.notification_service - INFO - Sending email to RITA DE CASSIA SOUZA (168) at ritsembergsilva@gmail.com
2025-10-14 17:29:09,098 - services.notification_service - INFO - Email would be sent successfully to RITA DE CASSIA SOUZA (168)
2025-10-14 17:29:09,103 - services.notification_service - INFO - Sending email to JOSENEIDE BARBOSA DE SOUZA (169) at josiesouza67@gmail.com
2025-10-14 17:29:09,103 - services.notification_service - INFO - Email would be sent successfully to JOSENEIDE BARBOSA DE SOUZA (169)
2025-10-14 17:29:09,118 - services.notification_service - INFO - Sending email to LUZIA POLIANA AQUINO DA SILVA (171) at luzia_poliana@htomail.com
2025-10-14 17:29:09,120 - services.notification_service - INFO - Email would be sent successfully to LUZIA POLIANA AQUINO DA SILVA (171)
2025-10-14 17:29:09,133 - services.notification_service - INFO - Sending email to INGRID CANUTO SAMPAIO DE OLIVEIRA (173) at ingridcanutos@gmail.com
2025-10-14 17:29:09,134 - services.notification_service - INFO - Email would be sent successfully to INGRID CANUTO SAMPAIO DE OLIVEIRA (173)
2025-10-14 17:29:09,140 - services.notification_service - INFO - Sending email to AUREA DANIELLY BEZERRA DA COSTA (177) at aureadanielly@gmail.com
2025-10-14 17:29:09,146 - services.notification_service - INFO - Email would be sent successfully to AUREA DANIELLY BEZERRA DA COSTA (177)
2025-10-14 17:29:09,152 - services.notification_service - INFO - Sending email to FRANCISCA ANTONIA DANTAS VAZ SOUZA (179) at franciscadantas151083@gmail.com
2025-10-14 17:29:09,152 - services.notification_service - INFO - Email would be sent successfully to FRANCISCA ANTONIA DANTAS VAZ SOUZA (179)
2025-10-14 17:29:09,165 - services.notification_service - INFO - Sending email to CLEONICE NUNES DA SILVA COELHO (182) at cleo-nunes1984@hotmail.com
2025-10-14 17:29:09,166 - services.notification_service - INFO - Email would be sent successfully to CLEONICE NUNES DA SILVA COELHO (182)
2025-10-14 17:29:09,173 - services.notification_service - INFO - Sending email to JOAO LUCAS FERNANDES PEREIRA (188) at joaolucasfernandespereira@gmail.com
2025-10-14 17:29:09,181 - services.notification_service - INFO - Email would be sent successfully to JOAO LUCAS FERNANDES PEREIRA (188)
2025-10-14 17:29:09,190 - services.notification_service - INFO - Sending email to SHIRLEY SONALI DE LIRA (190) at shirleysonali1@outlook.com
2025-10-14 17:29:09,196 - services.notification_service - INFO - Email would be sent successfully to SHIRLEY SONALI DE LIRA (190)
2025-10-14 17:29:09,201 - services.notification_service - INFO - Sending email to ELANIA KARINA COSTA DE OLIVEIRA (191) at elaniakarina69@outlook.com
2025-10-14 17:29:09,207 - services.notification_service - INFO - Email would be sent successfully to ELANIA KARINA COSTA DE OLIVEIRA (191)
2025-10-14 17:29:09,216 - services.notification_service - INFO - Sending email to MARILYN GISELLE DOS SANTOS XAVIER (192) at giselle.marilyn@gmail.com
2025-10-14 17:29:09,219 - services.notification_service - INFO - Email would be sent successfully to MARILYN GISELLE DOS SANTOS XAVIER (192)
2025-10-14 17:29:09,231 - services.notification_service - INFO - Sending email to SAMYA PAULA FEITOSA LOBO (198) at profsamyawolf@gmail.com
2025-10-14 17:29:09,232 - services.notification_service - INFO - Email would be sent successfully to SAMYA PAULA FEITOSA LOBO (198)
2025-10-14 17:29:09,240 - services.notification_service - INFO - Sending email to FRANCISCA AURILENE DANTAS DA SILVA (199) at lennadantas78@gmail.com
2025-10-14 17:29:09,248 - services.notification_service - INFO - Email would be sent successfully to FRANCISCA AURILENE DANTAS DA SILVA (199)
2025-10-14 17:29:09,272 - services.notification_service - INFO - Sending email to JANDSON LUCAS CAMELO DA SILVA (200) at jandsonlucascamelosilva@gmail.com
2025-10-14 17:29:09,274 - services.notification_service - INFO - Email would be sent successfully to JANDSON LUCAS CAMELO DA SILVA (200)
2025-10-14 17:29:09,319 - services.notification_service - INFO - Sending email to GYOVANNA JAFIA LINHARES OLIVEIRA (202) at gyovanna.jafia@gmail.com
2025-10-14 17:29:09,319 - services.notification_service - INFO - Email would be sent successfully to GYOVANNA JAFIA LINHARES OLIVEIRA (202)
2025-10-14 17:29:09,336 - services.notification_service - INFO - Sending email to ELIENE FERREIRA DA SILVA (206) at elienesilva02@outlook.com.br
2025-10-14 17:29:09,344 - services.notification_service - INFO - Email would be sent successfully to ELIENE FERREIRA DA SILVA (206)
2025-10-14 17:29:09,355 - services.notification_service - INFO - Sending email to VIVIANY NAYARA OLIVEIRA MORAIS (207) at viviany_nayara@hotmail.com
2025-10-14 17:29:09,357 - services.notification_service - INFO - Email would be sent successfully to VIVIANY NAYARA OLIVEIRA MORAIS (207)
2025-10-14 17:29:09,362 - services.notification_service - INFO - Sending email to RAQUEL PAULA DA SILVA (208) at raquellpaula@gmail.com
2025-10-14 17:29:09,363 - services.notification_service - INFO - Email would be sent successfully to RAQUEL PAULA DA SILVA (208)
2025-10-14 17:29:09,369 - services.notification_service - INFO - Sending email to ALDENICE MIGUEL DA SILVA (209) at aldenicemiguel@gmail.com
2025-10-14 17:29:09,370 - services.notification_service - INFO - Email would be sent successfully to ALDENICE MIGUEL DA SILVA (209)
2025-10-14 17:29:09,375 - services.notification_service - INFO - Sending email to TAWANY DO NASCIMENTO VIEIRA (212) at tawanyvieira347@gmail.com
2025-10-14 17:29:09,375 - services.notification_service - INFO - Email would be sent successfully to TAWANY DO NASCIMENTO VIEIRA (212)
2025-10-14 17:29:09,382 - services.notification_service - INFO - Sending email to FRANCIDAULY FELICIANO DE LIMA (214) at daulinholima@gmail.com
2025-10-14 17:29:09,383 - services.notification_service - INFO - Email would be sent successfully to FRANCIDAULY FELICIANO DE LIMA (214)
2025-10-14 17:29:09,389 - services.notification_service - INFO - Sending email to YASMINN MARQUES FEITOSA (215) at yasminn_mf@hotmail.com
2025-10-14 17:29:09,393 - services.notification_service - INFO - Email would be sent successfully to YASMINN MARQUES FEITOSA (215)
