2025-10-14 17:36:16,749 - services.notification_service - INFO - Sending email to Maria Edilma Ferreira de Oliveira (004) at mariaedilma1920@hotmail.com
2025-10-14 17:36:16,749 - services.notification_service - INFO - Email would be sent successfully to Maria Edilma Ferreira de Oliveira (004)
2025-10-14 17:36:16,770 - services.notification_service - INFO - Sending email to Luana Karízia Fernandes Duarte (046) at luana_karizia@hotmail.com
2025-10-14 17:36:16,771 - services.notification_service - INFO - Email would be sent successfully to Luana Karízia Fernandes Duarte (046)
2025-10-14 17:36:16,784 - services.notification_service - INFO - Sending email to Ivo Felipe Pereira (048) at ivo.felipe@hotmail.com
2025-10-14 17:36:16,784 - services.notification_service - INFO - Email would be sent successfully to Ivo Felipe Pereira (048)
2025-10-14 17:36:16,793 - services.notification_service - INFO - Sending email to Cristiane de Paula Rebouças (069) at crispreboucas@gmail.com
2025-10-14 17:36:16,794 - services.notification_service - INFO - Email would be sent successfully to Cristiane de Paula Rebouças (069)
2025-10-14 17:36:16,803 - services.notification_service - INFO - Sending email to Maria Geneci Marques Gurgel (073) at genamarques.gm2015@gmail.com
2025-10-14 17:36:16,803 - services.notification_service - INFO - Email would be sent successfully to Maria Geneci Marques Gurgel (073)
2025-10-14 17:36:16,818 - services.notification_service - INFO - Sending email to Albene da Rocha Freire (075) at albenerocha@gmail.com
2025-10-14 17:36:16,818 - services.notification_service - INFO - Email would be sent successfully to Albene da Rocha Freire (075)
2025-10-14 17:36:16,830 - services.notification_service - INFO - Sending email to Isabela Larissa de Araújo Fernandes (082) at lalihnandes@hotmail.com
2025-10-14 17:36:16,830 - services.notification_service - INFO - Email would be sent successfully to Isabela Larissa de Araújo Fernandes (082)
2025-10-14 17:36:16,844 - services.notification_service - INFO - Sending email to Adna Soares de Souza Medeiros (084) at soaresadna2012@hotmail.com
2025-10-14 17:36:16,845 - services.notification_service - INFO - Email would be sent successfully to Adna Soares de Souza Medeiros (084)
2025-10-14 17:36:16,867 - services.notification_service - INFO - Sending email to Mara Geriguiana do Nascimento (088) at geriguianamara@hotmail.com
2025-10-14 17:36:16,867 - services.notification_service - INFO - Email would be sent successfully to Mara Geriguiana do Nascimento (088)
2025-10-14 17:36:16,879 - services.notification_service - INFO - Sending email to Maria Cristina Porto da Costa (089) at crystinaporto2011@hotmail.com
2025-10-14 17:36:16,879 - services.notification_service - INFO - Email would be sent successfully to Maria Cristina Porto da Costa (089)
2025-10-14 17:36:16,890 - services.notification_service - INFO - Sending email to Silvano Leite (091) at silvano.pan@hotmail.com
2025-10-14 17:36:16,891 - services.notification_service - INFO - Email would be sent successfully to Silvano Leite (091)
2025-10-14 17:36:16,898 - services.notification_service - INFO - Sending email to Neudimar Cilene de O. Albuquerque (093) at neudimarmarcilene@gmail.com
2025-10-14 17:36:16,898 - services.notification_service - INFO - Email would be sent successfully to Neudimar Cilene de O. Albuquerque (093)
2025-10-14 17:36:16,915 - services.notification_service - INFO - Sending email to Ana Célia Patrícia da Silva (094) at anaceliapatricia3@gmail.com
2025-10-14 17:36:16,916 - services.notification_service - INFO - Email would be sent successfully to Ana Célia Patrícia da Silva (094)
2025-10-14 17:36:16,929 - services.notification_service - INFO - Sending email to Jéssica Vanessa de Oliveira (101) at jessi.vanessa@outlook.com
2025-10-14 17:36:16,929 - services.notification_service - INFO - Email would be sent successfully to Jéssica Vanessa de Oliveira (101)
2025-10-14 17:36:16,937 - services.notification_service - INFO - Sending email to Fabíola Layane de Melo Fernandes (117) at fabiolayane@hotmail.com
2025-10-14 17:36:16,937 - services.notification_service - INFO - Email would be sent successfully to Fabíola Layane de Melo Fernandes (117)
2025-10-14 17:36:16,947 - services.notification_service - INFO - Sending email to Eliane de Oliveira Costa (126) at eliannecosta01@outlook.com
2025-10-14 17:36:16,947 - services.notification_service - INFO - Email would be sent successfully to Eliane de Oliveira Costa (126)
2025-10-14 17:36:16,963 - services.notification_service - INFO - Sending email to GERSSICA GABRIELE FERREIRA PEREIRA (136) at gerssica_gabi@hotmail.com
2025-10-14 17:36:16,964 - services.notification_service - INFO - Email would be sent successfully to GERSSICA GABRIELE FERREIRA PEREIRA (136)
2025-10-14 17:36:16,968 - services.notification_service - INFO - Sending email to ADJANE FELIPE DE OLIVEIRA (141) at adjanefelipedeoliveira82@gmail.com
2025-10-14 17:36:16,968 - services.notification_service - INFO - Email would be sent successfully to ADJANE FELIPE DE OLIVEIRA (141)
2025-10-14 17:36:16,985 - services.notification_service - INFO - Sending email to REGINA SHEYLA PAULINO DE ARAUJO (143) at reginasheyla@hotmail.com
2025-10-14 17:36:16,985 - services.notification_service - INFO - Email would be sent successfully to REGINA SHEYLA PAULINO DE ARAUJO (143)
2025-10-14 17:36:17,000 - services.notification_service - INFO - Sending email to MARIA MADALENA PEREIRA (144) at claudinhapereira22@hotmail.com
2025-10-14 17:36:17,001 - services.notification_service - INFO - Email would be sent successfully to MARIA MADALENA PEREIRA (144)
2025-10-14 17:36:17,014 - services.notification_service - INFO - Sending email to CELIELTON SILVA DE OLIVEIRA (145) at celi_bio@hotmail.com
2025-10-14 17:36:17,014 - services.notification_service - INFO - Email would be sent successfully to CELIELTON SILVA DE OLIVEIRA (145)
2025-10-14 17:36:17,020 - services.notification_service - INFO - Sending email to SOCORRO DE FATIMA DA ROCHA AZEVEDO (147) at sfrazevedo@gmail.com
2025-10-14 17:36:17,020 - services.notification_service - INFO - Email would be sent successfully to SOCORRO DE FATIMA DA ROCHA AZEVEDO (147)
2025-10-14 17:36:17,034 - services.notification_service - INFO - Sending email to MARDRINE LIVIA DA SILVA SALES (149) at drininha_livia@hotmail.com
2025-10-14 17:36:17,034 - services.notification_service - INFO - Email would be sent successfully to MARDRINE LIVIA DA SILVA SALES (149)
2025-10-14 17:36:17,046 - services.notification_service - INFO - Sending email to FABIO LEANDRO BEZERRA (155) at leandro_fabio2012@hotmail.com
2025-10-14 17:36:17,046 - services.notification_service - INFO - Email would be sent successfully to FABIO LEANDRO BEZERRA (155)
2025-10-14 17:36:17,054 - services.notification_service - INFO - Sending email to AURELIA LIMA AMARAL (167) at aurelialima2011@hotmail.com
2025-10-14 17:36:17,054 - services.notification_service - INFO - Email would be sent successfully to AURELIA LIMA AMARAL (167)
2025-10-14 17:36:17,063 - services.notification_service - INFO - Sending email to RITA DE CASSIA SOUZA (168) at ritsembergsilva@gmail.com
2025-10-14 17:36:17,063 - services.notification_service - INFO - Email would be sent successfully to RITA DE CASSIA SOUZA (168)
2025-10-14 17:36:17,087 - services.notification_service - INFO - Sending email to JOSENEIDE BARBOSA DE SOUZA (169) at josiesouza67@gmail.com
2025-10-14 17:36:17,087 - services.notification_service - INFO - Email would be sent successfully to JOSENEIDE BARBOSA DE SOUZA (169)
2025-10-14 17:36:17,099 - services.notification_service - INFO - Sending email to LUZIA POLIANA AQUINO DA SILVA (171) at luzia_poliana@htomail.com
2025-10-14 17:36:17,100 - services.notification_service - INFO - Email would be sent successfully to LUZIA POLIANA AQUINO DA SILVA (171)
2025-10-14 17:36:17,117 - services.notification_service - INFO - Sending email to INGRID CANUTO SAMPAIO DE OLIVEIRA (173) at ingridcanutos@gmail.com
2025-10-14 17:36:17,117 - services.notification_service - INFO - Email would be sent successfully to INGRID CANUTO SAMPAIO DE OLIVEIRA (173)
2025-10-14 17:36:17,130 - services.notification_service - INFO - Sending email to AUREA DANIELLY BEZERRA DA COSTA (177) at aureadanielly@gmail.com
2025-10-14 17:36:17,130 - services.notification_service - INFO - Email would be sent successfully to AUREA DANIELLY BEZERRA DA COSTA (177)
2025-10-14 17:36:17,134 - services.notification_service - INFO - Sending email to FRANCISCA ANTONIA DANTAS VAZ SOUZA (179) at franciscadantas151083@gmail.com
2025-10-14 17:36:17,134 - services.notification_service - INFO - Email would be sent successfully to FRANCISCA ANTONIA DANTAS VAZ SOUZA (179)
2025-10-14 17:36:17,150 - services.notification_service - INFO - Sending email to CLEONICE NUNES DA SILVA COELHO (182) at cleo-nunes1984@hotmail.com
2025-10-14 17:36:17,150 - services.notification_service - INFO - Email would be sent successfully to CLEONICE NUNES DA SILVA COELHO (182)
2025-10-14 17:36:17,165 - services.notification_service - INFO - Sending email to JOAO LUCAS FERNANDES PEREIRA (188) at joaolucasfernandespereira@gmail.com
2025-10-14 17:36:17,165 - services.notification_service - INFO - Email would be sent successfully to JOAO LUCAS FERNANDES PEREIRA (188)
2025-10-14 17:36:17,185 - services.notification_service - INFO - Sending email to SHIRLEY SONALI DE LIRA (190) at shirleysonali1@outlook.com
2025-10-14 17:36:17,186 - services.notification_service - INFO - Email would be sent successfully to SHIRLEY SONALI DE LIRA (190)
2025-10-14 17:36:17,198 - services.notification_service - INFO - Sending email to ELANIA KARINA COSTA DE OLIVEIRA (191) at elaniakarina69@outlook.com
2025-10-14 17:36:17,198 - services.notification_service - INFO - Email would be sent successfully to ELANIA KARINA COSTA DE OLIVEIRA (191)
2025-10-14 17:36:17,203 - services.notification_service - INFO - Sending email to MARILYN GISELLE DOS SANTOS XAVIER (192) at giselle.marilyn@gmail.com
2025-10-14 17:36:17,210 - services.notification_service - INFO - Email would be sent successfully to MARILYN GISELLE DOS SANTOS XAVIER (192)
2025-10-14 17:36:17,219 - services.notification_service - INFO - Sending email to SAMYA PAULA FEITOSA LOBO (198) at profsamyawolf@gmail.com
2025-10-14 17:36:17,219 - services.notification_service - INFO - Email would be sent successfully to SAMYA PAULA FEITOSA LOBO (198)
2025-10-14 17:36:17,233 - services.notification_service - INFO - Sending email to FRANCISCA AURILENE DANTAS DA SILVA (199) at lennadantas78@gmail.com
2025-10-14 17:36:17,234 - services.notification_service - INFO - Email would be sent successfully to FRANCISCA AURILENE DANTAS DA SILVA (199)
2025-10-14 17:36:17,245 - services.notification_service - INFO - Sending email to JANDSON LUCAS CAMELO DA SILVA (200) at jandsonlucascamelosilva@gmail.com
2025-10-14 17:36:17,245 - services.notification_service - INFO - Email would be sent successfully to JANDSON LUCAS CAMELO DA SILVA (200)
2025-10-14 17:36:17,252 - services.notification_service - INFO - Sending email to GYOVANNA JAFIA LINHARES OLIVEIRA (202) at gyovanna.jafia@gmail.com
2025-10-14 17:36:17,252 - services.notification_service - INFO - Email would be sent successfully to GYOVANNA JAFIA LINHARES OLIVEIRA (202)
2025-10-14 17:36:17,266 - services.notification_service - INFO - Sending email to ELIENE FERREIRA DA SILVA (206) at elienesilva02@outlook.com.br
2025-10-14 17:36:17,267 - services.notification_service - INFO - Email would be sent successfully to ELIENE FERREIRA DA SILVA (206)
2025-10-14 17:36:17,268 - services.notification_service - INFO - Sending email to VIVIANY NAYARA OLIVEIRA MORAIS (207) at viviany_nayara@hotmail.com
2025-10-14 17:36:17,277 - services.notification_service - INFO - Email would be sent successfully to VIVIANY NAYARA OLIVEIRA MORAIS (207)
2025-10-14 17:36:17,296 - services.notification_service - INFO - Sending email to RAQUEL PAULA DA SILVA (208) at raquellpaula@gmail.com
2025-10-14 17:36:17,297 - services.notification_service - INFO - Email would be sent successfully to RAQUEL PAULA DA SILVA (208)
2025-10-14 17:36:17,316 - services.notification_service - INFO - Sending email to ALDENICE MIGUEL DA SILVA (209) at aldenicemiguel@gmail.com
2025-10-14 17:36:17,317 - services.notification_service - INFO - Email would be sent successfully to ALDENICE MIGUEL DA SILVA (209)
2025-10-14 17:36:17,351 - services.notification_service - INFO - Sending email to TAWANY DO NASCIMENTO VIEIRA (212) at tawanyvieira347@gmail.com
2025-10-14 17:36:17,360 - services.notification_service - INFO - Email would be sent successfully to TAWANY DO NASCIMENTO VIEIRA (212)
2025-10-14 17:36:17,378 - services.notification_service - INFO - Sending email to FRANCIDAULY FELICIANO DE LIMA (214) at daulinholima@gmail.com
2025-10-14 17:36:17,378 - services.notification_service - INFO - Email would be sent successfully to FRANCIDAULY FELICIANO DE LIMA (214)
2025-10-14 17:36:17,396 - services.notification_service - INFO - Sending email to YASMINN MARQUES FEITOSA (215) at yasminn_mf@hotmail.com
2025-10-14 17:36:17,397 - services.notification_service - INFO - Email would be sent successfully to YASMINN MARQUES FEITOSA (215)
